// Jest Snapshot v1, https://goo.gl/fbAQLP

exports[`Record Type Panel renders with the passed className on the root element 1`] = `
<div>
  <div
    class="mockClassName"
  >
    <div
      class="padding-h-12 padding-v-20 wizard__body-container"
    >
      <div
        class="plugin-dropdown false position-relative "
      >
        <div
          class="plugin-dropdown__field d-flex align-items-center justify-content-between
                    padding-h-15 border-radius-4 cursor-pointer
                    false
                    undefined
                    "
        >
          <label
            class="plugin-dropdown__field-text plugin-dropdown__field-placeholder margin-0 wt-400 plugin-dropdown__field-placeholder--shifted"
          >
            Select Record Type
            *
          </label>
          <p
            class="plugin-dropdown__field-text font-14 wt-500 margin-0 margin-top-15 text-ellipsis"
          >
            Incident
          </p>
          <i
            class="fa fa-angle-down plugin-dropdown__field-angle font-20 false"
          />
          <input
            class="plugin-dropdown__field-input cursor-pointer"
            type="checkbox"
          />
        </div>
        <ul
          class="plugin-dropdown__options-list channel-bg padding-0 border-radius-4 false"
        >
          <li
            class="plugin-dropdown__option-item text-ellipsis font-14 margin-0 padding-v-10 padding-h-25 cursor-pointer false"
          >
            Incident
          </li>
          <li
            class="plugin-dropdown__option-item text-ellipsis font-14 margin-0 padding-v-10 padding-h-25 cursor-pointer false"
          >
            Problem
          </li>
          <li
            class="plugin-dropdown__option-item text-ellipsis font-14 margin-0 padding-v-10 padding-h-25 cursor-pointer false"
          >
            Change Request
          </li>
        </ul>
      </div>
      <p
        class="modal__error margin-left-15 margin-bottom-10 error-text text-capitalize"
      >
        mockError
      </p>
    </div>
    <div
      class="modal__footer d-flex flex-row-reverse align-items-center  padding-h-12 padding-v-15 modal-footer"
    >
      <button
        class="btn modal__confirm-btn margin-left-10 btn-primary plugin-btn"
        disabled=""
      >
        Continue
      </button>
      <button
        class="btn btn-link modal__cancel-btn margin-0 padding-0 plugin-btn"
        disabled=""
      >
        Back
      </button>
    </div>
  </div>
</div>
`;
