// Jest Snapshot v1, https://goo.gl/fbAQLP

exports[`Search Record Panel Should render correctly 1`] = `
<ContextProvider
  value={
    Object {
      "store": Object {
        "clearActions": [Function],
        "dispatch": [Function],
        "getActions": [Function],
        "getState": [Function],
        "replaceReducer": [Function],
        "subscribe": [Function],
      },
      "subscription": Subscription {
        "handleChangeWrapper": [Function],
        "listeners": Object {
          "notify": [Function],
        },
        "onStateChange": [Function],
        "parentSub": undefined,
        "store": Object {
          "clearActions": [Function],
          "dispatch": [Function],
          "getActions": [Function],
          "getState": [Function],
          "replaceReducer": [Function],
          "subscribe": [Function],
        },
        "unsubscribe": null,
      },
    }
  }
>
  <ForwardRef
    actionBtnDisabled={true}
    className="mockClassName"
    error="mockError"
    onBack={[MockFunction]}
    onContinue={[MockFunction]}
    recordId="mockRecordId"
    recordType="incident"
    recordValue="mockRecordValue"
    requiredFieldValidationErr={true}
    resetStates={true}
    setApiError={[MockFunction]}
    setApiResponseValid={[MockFunction]}
    setRecordId={[MockFunction]}
    setRecordValue={[MockFunction]}
    setResetStates={[MockFunction]}
    setShowModalLoader={[MockFunction]}
    setSuggestionChosen={[MockFunction]}
    suggestionChosen={true}
  />
</ContextProvider>
`;
